
========================================
whole_set,
========================================
203315

real	0m1.038s
user	0m0.686s
sys	0m0.085s


========================================
empty_set,
========================================
0

real	0m0.393s
user	0m0.051s
sys	0m0.081s


========================================
all_in_set,
========================================
1002001

real	0m5.385s
user	0m0.045s
sys	0m0.083s


========================================
seahorse,
========================================
670431

real	0m2.172s
user	0m1.833s
sys	0m0.080s


========================================
many_num,
========================================
1570042

real	0m7.300s
user	0m6.939s
sys	0m0.089s


========================================
many_iter}
========================================
251279

real	1m49.122s
user	1m48.647s
sys	0m0.090s

