
========================================
whole_set,: 1
========================================
203311

real	0m1.134s
user	0m0.685s
sys	0m0.091s


========================================
whole_set,: 2
========================================
203311

real	0m1.155s
user	0m0.688s
sys	0m0.112s


========================================
whole_set,: 4
========================================
203311

real	0m0.602s
user	0m0.390s
sys	0m0.108s


========================================
whole_set,: 8
========================================
203311

real	0m0.642s
user	0m0.526s
sys	0m0.119s


========================================
empty_set,: 1
========================================
0

real	0m0.516s
user	0m0.077s
sys	0m0.093s


========================================
empty_set,: 2
========================================
0

real	0m0.545s
user	0m0.091s
sys	0m0.112s


========================================
empty_set,: 4
========================================
0

real	0m0.576s
user	0m0.334s
sys	0m0.110s


========================================
empty_set,: 8
========================================
0

real	0m0.580s
user	0m0.344s
sys	0m0.115s


========================================
all_in_set,: 1
========================================
1001000

real	0m0.509s
user	0m0.065s
sys	0m0.099s


========================================
all_in_set,: 2
========================================
1001000

real	0m0.575s
user	0m0.091s
sys	0m0.115s


========================================
all_in_set,: 4
========================================
1001000

real	0m0.690s
user	0m0.266s
sys	0m0.117s


========================================
all_in_set,: 8
========================================
1001000

real	0m0.600s
user	0m0.351s
sys	0m0.120s


========================================
seahorse,: 1
========================================
669427

real	0m2.313s
user	0m1.792s
sys	0m0.098s


========================================
seahorse,: 2
========================================
669427

real	0m1.251s
user	0m0.685s
sys	0m0.125s


========================================
seahorse,: 4
========================================
669427

real	0m0.781s
user	0m1.060s
sys	0m0.116s


========================================
seahorse,: 8
========================================
669427

real	0m0.887s
user	0m1.429s
sys	0m0.133s


========================================
many_num,: 1
========================================
1570030

real	0m7.186s
user	0m6.673s
sys	0m0.139s


========================================
many_num,: 2
========================================
1570030

real	0m2.830s
user	0m2.323s
sys	0m0.134s


========================================
many_num,: 4
========================================
1570030

real	0m1.328s
user	0m2.033s
sys	0m0.140s


========================================
many_num,: 8
========================================
1570030

real	0m1.494s
user	0m2.221s
sys	0m0.129s


========================================
many_iter}: 1
========================================
251279

real	1m44.114s
user	1m43.472s
sys	0m0.142s


========================================
many_iter}: 2
========================================
251279

real	0m36.025s
user	0m35.516s
sys	0m0.115s


========================================
many_iter}: 4
========================================
251279

real	0m12.969s
user	0m21.805s
sys	0m0.123s


========================================
many_iter}: 8
========================================
251279

real	0m15.276s
user	0m16.495s
sys	0m0.145s

