
========================================
whole_set,: 1
========================================
203311

real	0m1.233s
user	0m0.679s
sys	0m0.093s


========================================
whole_set,: 2
========================================
203311

real	0m1.223s
user	0m0.675s
sys	0m0.126s


========================================
whole_set,: 4
========================================
203311

real	0m0.574s
user	0m0.373s
sys	0m0.114s


========================================
whole_set,: 8
========================================
203311

real	0m0.575s
user	0m0.381s
sys	0m0.103s


========================================
empty_set,: 1
========================================
0

real	0m0.597s
user	0m0.082s
sys	0m0.083s


========================================
empty_set,: 2
========================================
0

real	0m0.538s
user	0m0.078s
sys	0m0.115s


========================================
empty_set,: 4
========================================
0

real	0m0.579s
user	0m0.255s
sys	0m0.119s


========================================
empty_set,: 8
========================================
0

real	0m0.596s
user	0m0.343s
sys	0m0.117s


========================================
all_in_set,: 1
========================================
1001000

real	0m0.509s
user	0m0.069s
sys	0m0.092s


========================================
all_in_set,: 2
========================================
1001000

real	0m0.567s
user	0m0.090s
sys	0m0.111s


========================================
all_in_set,: 4
========================================
1001000

real	0m0.544s
user	0m0.248s
sys	0m0.117s


========================================
all_in_set,: 8
========================================
1001000

real	0m0.572s
user	0m0.345s
sys	0m0.115s


========================================
seahorse,: 1
========================================
669427

real	0m3.487s
user	0m1.787s
sys	0m0.087s


========================================
seahorse,: 2
========================================
669427

real	0m1.207s
user	0m0.692s
sys	0m0.101s


========================================
seahorse,: 4
========================================
669427

real	0m0.683s
user	0m0.620s
sys	0m0.118s


========================================
seahorse,: 8
========================================
669427

real	0m0.732s
user	0m0.763s
sys	0m0.116s


========================================
many_num,: 1
========================================
1570030

real	0m7.146s
user	0m6.666s
sys	0m0.089s


========================================
many_num,: 2
========================================
1570030

real	0m2.566s
user	0m2.103s
sys	0m0.109s


========================================
many_num,: 4
========================================
1570030

real	0m0.911s
user	0m1.653s
sys	0m0.117s


========================================
many_num,: 8
========================================
1570030

real	0m1.087s
user	0m1.793s
sys	0m0.134s


========================================
many_iter}: 1
========================================
251279

real	1m43.892s
user	1m43.388s
sys	0m0.088s


========================================
many_iter}: 2
========================================
251279

real	0m35.999s
user	0m35.521s
sys	0m0.091s


========================================
many_iter}: 4
========================================
251279

real	0m6.770s
user	0m15.655s
sys	0m0.149s


========================================
many_iter}: 8
========================================
251279

real	0m7.943s
user	0m9.222s
sys	0m0.129s

