
========================================
whole_set,: 1
========================================
203311

real	0m1.145s
user	0m0.686s
sys	0m0.089s


========================================
whole_set,: 2
========================================
203311

real	0m1.148s
user	0m0.692s
sys	0m0.107s


========================================
whole_set,: 4
========================================
203311

real	0m0.601s
user	0m0.336s
sys	0m0.123s


========================================
whole_set,: 8
========================================
203311

real	0m0.646s
user	0m0.528s
sys	0m0.121s


========================================
empty_set,: 1
========================================
0

real	0m0.522s
user	0m0.077s
sys	0m0.093s


========================================
empty_set,: 2
========================================
0

real	0m0.552s
user	0m0.105s
sys	0m0.099s


========================================
empty_set,: 4
========================================
0

real	0m0.571s
user	0m0.260s
sys	0m0.114s


========================================
empty_set,: 8
========================================
0

real	0m0.607s
user	0m0.322s
sys	0m0.114s


========================================
all_in_set,: 1
========================================
1001000

real	0m0.503s
user	0m0.071s
sys	0m0.094s


========================================
all_in_set,: 2
========================================
1001000

real	0m0.547s
user	0m0.099s
sys	0m0.103s


========================================
all_in_set,: 4
========================================
1001000

real	0m0.557s
user	0m0.261s
sys	0m0.115s


========================================
all_in_set,: 8
========================================
1001000

real	0m0.588s
user	0m0.361s
sys	0m0.098s


========================================
seahorse,: 1
========================================
669427

real	0m2.232s
user	0m1.786s
sys	0m0.093s


========================================
seahorse,: 2
========================================
669427

real	0m1.147s
user	0m0.687s
sys	0m0.108s


========================================
seahorse,: 4
========================================
669427

real	0m0.751s
user	0m1.050s
sys	0m0.116s


========================================
seahorse,: 8
========================================
669427

real	0m0.867s
user	0m1.352s
sys	0m0.136s


========================================
many_num,: 1
========================================
1570030

real	0m7.111s
user	0m6.654s
sys	0m0.097s


========================================
many_num,: 2
========================================
1570030

real	0m2.808s
user	0m2.344s
sys	0m0.108s


========================================
many_num,: 4
========================================
1570030

real	0m1.330s
user	0m2.031s
sys	0m0.135s


========================================
many_num,: 8
========================================
1570030

real	0m1.505s
user	0m2.227s
sys	0m0.122s


========================================
many_iter}: 1
========================================
251279

real	1m43.954s
user	1m43.401s
sys	0m0.096s


========================================
many_iter}: 2
========================================
251279

real	0m36.030s
user	0m35.503s
sys	0m0.118s


========================================
many_iter}: 4
========================================
251279

real	0m12.973s
user	0m21.865s
sys	0m0.137s


========================================
many_iter}: 8
========================================
251279

real	0m15.291s
user	0m16.579s
sys	0m0.136s

