
========================================
whole_set,        {-2 1 -1 1 1000 10000 whole_set,
========================================
203318

real	0m8.427s
user	0m8.415s
sys	0m0.001s


========================================
empty_set,        0.5 1.0 -1.0 1.0 1000 10000 empty_set,
========================================
0

real	0m0.013s
user	0m0.008s
sys	0m0.003s


========================================
all_in_set,        -0.2 0.2 -0.2 0.2 1000 10000 all_in_set,
========================================
1002001

real	0m41.401s
user	0m41.336s
sys	0m0.015s


========================================
seahorse,        -0.8 -0.7 0 0.2 1000 10000 seahorse,
========================================
670431

real	0m27.864s
user	0m27.822s
sys	0m0.016s


========================================
many_num,        -2.0 1 -1 1 2500 10000 many_num,
========================================
1569597

real	1m4.989s
user	1m4.908s
sys	0m0.017s


========================================
many_iter}        -2 1 -1 1 1000 100000 many_iter}
========================================
251102

real	1m43.739s
user	1m43.636s
sys	0m0.008s

