
========================================
: 1     
========================================
251321
347464
31584798
173902
16746643
50428387
4707

real	8m48.145s
user	8m47.276s
sys	0m0.063s


========================================
: 2     
========================================
251321
347464
31584798
173902
16746643
50428387
4707

real	4m24.590s
user	4m23.945s
sys	0m0.067s


========================================
: 4     
========================================
251321
347464
31584798
173902
16746643
50428387
4707

real	1m18.089s
user	2m56.550s
sys	0m0.089s


========================================
: 8     
========================================
251321
347464
31584798
173902
16746643
50428387
4707

real	0m39.313s
user	1m28.456s
sys	0m0.080s

