
========================================
whole_set,        {-2 1 -1 1 1000 10000 whole_set,
========================================
203315

real	0m0.088s
user	0m0.278s
sys	0m0.005s


========================================
empty_set,        0.5 1.0 -1.0 1.0 1000 10000 empty_set,
========================================
0

real	0m0.009s
user	0m0.006s
sys	0m0.004s


========================================
all_in_set,        -0.2 0.2 -0.2 0.2 1000 10000 all_in_set,
========================================
1002001

real	0m0.009s
user	0m0.006s
sys	0m0.002s


========================================
seahorse,        -0.8 -0.7 0 0.2 1000 10000 seahorse,
========================================
670431

real	0m0.200s
user	0m0.770s
sys	0m0.003s


========================================
many_num,        -2.0 1 -1 1 2500 10000 many_num,
========================================
1570042

real	0m0.746s
user	0m2.955s
sys	0m0.002s


========================================
many_iter}        -2 1 -1 1 1000 100000 many_iter}
========================================
251283

real	0m1.174s
user	0m4.663s
sys	0m0.002s

