
========================================
whole_set,: 1     {-2 1 -1 1 1000 10000 whole_set,
========================================
203315

real	0m0.742s
user	0m0.339s
sys	0m0.053s


========================================
whole_set,: 2     {-2 1 -1 1 1000 10000 whole_set,
========================================
203315

real	0m0.742s
user	0m0.341s
sys	0m0.067s


========================================
whole_set,: 4     {-2 1 -1 1 1000 10000 whole_set,
========================================
203315

real	0m0.502s
user	0m0.143s
sys	0m0.062s


========================================
whole_set,: 8     {-2 1 -1 1 1000 10000 whole_set,
========================================
203315

real	0m0.541s
user	0m0.134s
sys	0m0.082s


========================================
empty_set,: 1     0.5 1.0 -1.0 1.0 1000 10000 empty_set,
========================================
0

real	0m0.427s
user	0m0.037s
sys	0m0.052s


========================================
empty_set,: 2     0.5 1.0 -1.0 1.0 1000 10000 empty_set,
========================================
0

real	0m0.457s
user	0m0.057s
sys	0m0.059s


========================================
empty_set,: 4     0.5 1.0 -1.0 1.0 1000 10000 empty_set,
========================================
0

real	0m0.462s
user	0m0.058s
sys	0m0.063s


========================================
empty_set,: 8     0.5 1.0 -1.0 1.0 1000 10000 empty_set,
========================================
0

real	0m0.541s
user	0m0.108s
sys	0m0.089s


========================================
all_in_set,: 1     -0.2 0.2 -0.2 0.2 1000 10000 all_in_set,
========================================
1001000

real	0m0.428s
user	0m0.038s
sys	0m0.045s


========================================
all_in_set,: 2     -0.2 0.2 -0.2 0.2 1000 10000 all_in_set,
========================================
1001000

real	0m0.462s
user	0m0.050s
sys	0m0.063s


========================================
all_in_set,: 4     -0.2 0.2 -0.2 0.2 1000 10000 all_in_set,
========================================
1001000

real	0m0.450s
user	0m0.057s
sys	0m0.063s


========================================
all_in_set,: 8     -0.2 0.2 -0.2 0.2 1000 10000 all_in_set,
========================================
1001000

real	0m0.533s
user	0m0.118s
sys	0m0.078s


========================================
seahorse,: 1     -0.8 -0.7 0 0.2 1000 10000 seahorse,
========================================
669430

real	0m1.330s
user	0m0.900s
sys	0m0.044s


========================================
seahorse,: 2     -0.8 -0.7 0 0.2 1000 10000 seahorse,
========================================
669430

real	0m0.956s
user	0m0.551s
sys	0m0.056s


========================================
seahorse,: 4     -0.8 -0.7 0 0.2 1000 10000 seahorse,
========================================
669430

real	0m0.561s
user	0m0.300s
sys	0m0.061s


========================================
seahorse,: 8     -0.8 -0.7 0 0.2 1000 10000 seahorse,
========================================
669430

real	0m0.634s
user	0m0.276s
sys	0m0.080s


========================================
many_num,: 1     -2.0 1 -1 1 2500 10000 many_num,
========================================
1570042

real	0m3.732s
user	0m3.338s
sys	0m0.054s


========================================
many_num,: 2     -2.0 1 -1 1 2500 10000 many_num,
========================================
1570042

real	0m2.582s
user	0m2.154s
sys	0m0.063s


========================================
many_num,: 4     -2.0 1 -1 1 2500 10000 many_num,
========================================
1570042

real	0m0.875s
user	0m0.707s
sys	0m0.065s


========================================
many_num,: 8     -2.0 1 -1 1 2500 10000 many_num,
========================================
1570042

real	0m1.039s
user	0m0.589s
sys	0m0.079s


========================================
many_iter}: 1     -2 1 -1 1 1000 100000 many_iter}
========================================
251283

real	0m5.667s
user	0m5.251s
sys	0m0.052s


========================================
many_iter}: 2     -2 1 -1 1 1000 100000 many_iter}
========================================
251283

real	0m3.762s
user	0m3.360s
sys	0m0.058s


========================================
many_iter}: 4     -2 1 -1 1 1000 100000 many_iter}
========================================
251283

real	0m1.105s
user	0m1.146s
sys	0m0.060s


========================================
many_iter}: 8     -2 1 -1 1 1000 100000 many_iter}
========================================
251283

real	0m1.308s
user	0m0.938s
sys	0m0.080s

