
========================================
whole_set,: 1     {-2 1 -1 1 1000 10000 whole_set,
========================================
203315

real	0m0.702s
user	0m0.299s
sys	0m0.044s


========================================
whole_set,: 2     {-2 1 -1 1 1000 10000 whole_set,
========================================
203315

real	0m0.579s
user	0m0.191s
sys	0m0.047s


========================================
whole_set,: 4     {-2 1 -1 1 1000 10000 whole_set,
========================================
203315

real	0m0.467s
user	0m0.123s
sys	0m0.052s


========================================
whole_set,: 8     {-2 1 -1 1 1000 10000 whole_set,
========================================
203315

real	0m0.525s
user	0m0.123s
sys	0m0.071s


========================================
empty_set,: 1     0.5 1.0 -1.0 1.0 1000 10000 empty_set,
========================================
0

real	0m0.414s
user	0m0.035s
sys	0m0.038s


========================================
empty_set,: 2     0.5 1.0 -1.0 1.0 1000 10000 empty_set,
========================================
0

real	0m0.441s
user	0m0.050s
sys	0m0.047s


========================================
empty_set,: 4     0.5 1.0 -1.0 1.0 1000 10000 empty_set,
========================================
0

real	0m0.439s
user	0m0.052s
sys	0m0.052s


========================================
empty_set,: 8     0.5 1.0 -1.0 1.0 1000 10000 empty_set,
========================================
0

real	0m0.517s
user	0m0.112s
sys	0m0.066s


========================================
all_in_set,: 1     -0.2 0.2 -0.2 0.2 1000 10000 all_in_set,
========================================
1002001

real	0m0.399s
user	0m0.031s
sys	0m0.038s


========================================
all_in_set,: 2     -0.2 0.2 -0.2 0.2 1000 10000 all_in_set,
========================================
1002001

real	0m0.426s
user	0m0.046s
sys	0m0.051s


========================================
all_in_set,: 4     -0.2 0.2 -0.2 0.2 1000 10000 all_in_set,
========================================
1002001

real	0m0.471s
user	0m0.053s
sys	0m0.050s


========================================
all_in_set,: 8     -0.2 0.2 -0.2 0.2 1000 10000 all_in_set,
========================================
1002001

real	0m0.523s
user	0m0.113s
sys	0m0.065s


========================================
seahorse,: 1     -0.8 -0.7 0 0.2 1000 10000 seahorse,
========================================
670431

real	0m1.219s
user	0m0.796s
sys	0m0.038s


========================================
seahorse,: 2     -0.8 -0.7 0 0.2 1000 10000 seahorse,
========================================
670431

real	0m0.811s
user	0m0.424s
sys	0m0.046s


========================================
seahorse,: 4     -0.8 -0.7 0 0.2 1000 10000 seahorse,
========================================
670431

real	0m0.494s
user	0m0.248s
sys	0m0.049s


========================================
seahorse,: 8     -0.8 -0.7 0 0.2 1000 10000 seahorse,
========================================
670431

real	0m0.541s
user	0m0.213s
sys	0m0.065s


========================================
many_num,: 1     -2.0 1 -1 1 2500 10000 many_num,
========================================
1570042

real	0m3.344s
user	0m2.974s
sys	0m0.042s


========================================
many_num,: 2     -2.0 1 -1 1 2500 10000 many_num,
========================================
1570042

real	0m1.919s
user	0m1.523s
sys	0m0.050s


========================================
many_num,: 4     -2.0 1 -1 1 2500 10000 many_num,
========================================
1570042

real	0m0.617s
user	0m0.791s
sys	0m0.055s


========================================
many_num,: 8     -2.0 1 -1 1 2500 10000 many_num,
========================================
1570042

real	0m0.701s
user	0m0.573s
sys	0m0.074s


========================================
many_iter}: 1     -2 1 -1 1 1000 100000 many_iter}
========================================
251283

real	0m5.068s
user	0m4.681s
sys	0m0.045s


========================================
many_iter}: 2     -2 1 -1 1 1000 100000 many_iter}
========================================
251283

real	0m2.761s
user	0m2.382s
sys	0m0.046s


========================================
many_iter}: 4     -2 1 -1 1 1000 100000 many_iter}
========================================
251283

real	0m0.731s
user	0m1.218s
sys	0m0.047s


========================================
many_iter}: 8     -2 1 -1 1 1000 100000 many_iter}
========================================
251283

real	0m0.850s
user	0m0.867s
sys	0m0.080s

